[INFO] Scanning for projects...
[INFO] 
[INFO] -------------------< com.studyplatform:study-server >-------------------
[INFO] Building study-server 0.0.1-SNAPSHOT
[INFO]   from pom.xml
[INFO] --------------------------------[ jar ]---------------------------------
[INFO] 
[INFO] >>> spring-boot:3.2.0:run (default-cli) > test-compile @ study-server >>>
[INFO] 
[INFO] --- resources:3.3.1:resources (default-resources) @ study-server ---
[INFO] Copying 1 resource from src\main\resources to target\classes
[INFO] Copying 1 resource from src\main\resources to target\classes
[INFO] 
[INFO] --- compiler:3.11.0:compile (default-compile) @ study-server ---
[INFO] Nothing to compile - all classes are up to date
[INFO] 
[INFO] --- resources:3.3.1:testResources (default-testResources) @ study-server ---
[INFO] skip non existing resourceDirectory C:\Users\signlab_25\Desktop\1. workspace\study\study_server\src\test\resources
[INFO] 
[INFO] --- compiler:3.11.0:testCompile (default-testCompile) @ study-server ---
[INFO] No sources to compile
[INFO] 
[INFO] <<< spring-boot:3.2.0:run (default-cli) < test-compile @ study-server <<<
[INFO] 
[INFO] 
[INFO] --- spring-boot:3.2.0:run (default-cli) @ study-server ---
[INFO] Attaching agents: []

  .   ____          _            __ _ _
 /\\ / ___'_ __ _ _(_)_ __  __ _ \ \ \ \
( ( )\___ | '_ | '_| | '_ \/ _` | \ \ \ \
 \\/  ___)| |_)| | | | | || (_| |  ) ) ) )
  '  |____| .__|_| |_|_| |_\__, | / / / /
 =========|_|==============|___/=/_/_/_/
 :: Spring Boot ::                (v3.2.0)

2026-06-08T15:41:53.854+09:00  INFO 31992 --- [           main] c.s.StudyPlatformApplication             : Starting StudyPlatformApplication using Java 17.0.12 with PID 31992 (C:\Users\signlab_25\Desktop\1. workspace\study\study_server\target\classes started by signlab_25 in C:\Users\signlab_25\Desktop\1. workspace\study\study_server)
2026-06-08T15:41:53.856+09:00 DEBUG 31992 --- [           main] c.s.StudyPlatformApplication             : Running with Spring Boot v3.2.0, Spring v6.1.1
2026-06-08T15:41:53.857+09:00  INFO 31992 --- [           main] c.s.StudyPlatformApplication             : No active profile set, falling back to 1 default profile: "default"
2026-06-08T15:41:54.598+09:00  INFO 31992 --- [           main] o.s.b.w.embedded.tomcat.TomcatWebServer  : Tomcat initialized with port 9900 (http)
2026-06-08T15:41:54.617+09:00  INFO 31992 --- [           main] o.apache.catalina.core.StandardService   : Starting service [Tomcat]
2026-06-08T15:41:54.618+09:00  INFO 31992 --- [           main] o.apache.catalina.core.StandardEngine    : Starting Servlet engine: [Apache Tomcat/10.1.16]
2026-06-08T15:41:54.673+09:00  INFO 31992 --- [           main] o.a.c.c.C.[Tomcat].[localhost].[/]       : Initializing Spring embedded WebApplicationContext
2026-06-08T15:41:54.674+09:00  INFO 31992 --- [           main] w.s.c.ServletWebServerApplicationContext : Root WebApplicationContext: initialization completed in 779 ms
2026-06-08T15:41:54.999+09:00  WARN 31992 --- [           main] ConfigServletWebServerApplicationContext : Exception encountered during context initialization - cancelling refresh attempt: org.springframework.context.ApplicationContextException: Failed to start bean 'webServerStartStop'
2026-06-08T15:41:55.021+09:00  INFO 31992 --- [           main] .s.b.a.l.ConditionEvaluationReportLogger : 

Error starting ApplicationContext. To display the condition evaluation report re-run your application with 'debug' enabled.
2026-06-08T15:41:55.034+09:00 ERROR 31992 --- [           main] o.s.b.d.LoggingFailureAnalysisReporter   : 

***************************
APPLICATION FAILED TO START
***************************

Description:

Web server failed to start. Port 9900 was already in use.

Action:

Identify and stop the process that's listening on port 9900 or configure this application to listen on another port.

[INFO] ------------------------------------------------------------------------
[INFO] BUILD FAILURE
[INFO] ------------------------------------------------------------------------
[INFO] Total time:  3.408 s
[INFO] Finished at: 2026-06-08T15:41:55+09:00
[INFO] ------------------------------------------------------------------------
[ERROR] Failed to execute goal org.springframework.boot:spring-boot-maven-plugin:3.2.0:run (default-cli) on project study-server: Process terminated with exit code: 1 -> [Help 1]
[ERROR] 
[ERROR] To see the full stack trace of the errors, re-run Maven with the -e switch.
[ERROR] Re-run Maven using the -X switch to enable full debug logging.
[ERROR] 
[ERROR] For more information about the errors and possible solutions, please read the following articles:
[ERROR] [Help 1] http://cwiki.apache.org/confluence/display/MAVEN/MojoExecutionException
